// Jest Snapshot v1, https://goo.gl/fbAQLP

exports[`Visitor form is rendered 1`] = `
<div>
  <form
    data-testid="visitor-form"
    onSubmit={[Function]}
  >
    <label
      htmlFor="fname"
    >
      Your first name:
    </label>
    <br />
    <input
      id="fname"
      name="fname"
      type="text"
    />
    <br />
    <label
      htmlFor="lname"
    >
      Your last name:
    </label>
    <br />
    <input
      id="lname"
      name="lname"
      type="text"
    />
    <br />
    <label
      htmlFor="cnumber"
    >
      Your contact number:
    </label>
    <br />
    <input
      id="cnumber"
      name="cnumber"
      type="text"
    />
    <br />
    <label
      htmlFor="ename"
    >
      The employee you are
      <br />
      visiting:
    </label>
    <br />
    <input
      id="ename"
      name="ename"
      type="text"
    />
    <br />
    <label
      htmlFor="time"
    >
      Time of arrival (24hr):
    </label>
    <br />
    <input
      className="input-time"
      id="time"
      name="time"
      type="time"
    />
    <br />
    <br />
    <input
      className="button-submit"
      type="submit"
      value="Submit"
    />
    <div>
      
    </div>
  </form>
</div>
`;
